// Jest Snapshot v1, https://goo.gl/fbAQLP

exports[`renders 1`] = `
<Router
  history={
    Object {
      "action": "POP",
      "block": [Function],
      "createHref": [Function],
      "go": [Function],
      "goBack": [Function],
      "goForward": [Function],
      "length": 1,
      "listen": [Function],
      "location": Object {
        "hash": "",
        "pathname": "blank",
        "search": "",
        "state": undefined,
      },
      "push": [Function],
      "replace": [Function],
    }
  }
>
  <div>
    <header
      className="ds-u-fill--primary-darkest"
    >
      <div
        className="ds-l-container"
      >
        <div
          className="ds-l-row"
        >
          <div
            className="ds-l-col--12 ds-l-md-col--4"
          >
            <h1
              className="ds-u-margin--0 ds-u-margin-top--1 ds-u-margin-bottom--1"
              id="main"
            >
              <Link
                className="ds-u-color--white ds-u-font-size--h3 ds-u-font-weight--bold"
                replace={false}
                to="/"
              >
                USCIS RFDS Front-End
              </Link>
            </h1>
          </div>
          <NavLinks />
        </div>
      </div>
      <NamePlate />
    </header>
    <Switch>
      <Route
        component={[Function]}
        exact={true}
        path="/login"
      />
      <Route
        component={[Function]}
        exact={true}
        path="/logout"
      />
      <Route
        component={[Function]}
        path="/review"
      />
      <Route
        component={[Function]}
        path="/request"
      />
      <Route
        component={[Function]}
        exact={true}
        path="/"
      />
    </Switch>
  </div>
</Router>
`;
