// Jest Snapshot v1, https://goo.gl/fbAQLP

exports[`renders 1`] = `
<div
  className="login ds-l-container ds-u-padding-top--3 ds-u-sm-text-align--center ds-u-sm-text-align--left qa-uscis-upload-page"
>
  <h2>
    Login
  </h2>
  <p>
    Please enter your email and password
  </p>
  <p>
    You must log in to view the page
  </p>
  <form
    onSubmit={[Function]}
  >
    <label>
      Email
      <input
        className="ds-c-field"
        onChange={[Function]}
        type="text"
        value=""
      />
    </label>
    <br />
    <label>
      Password
      <input
        className="ds-c-field"
        onChange={[Function]}
        type="password"
        value=""
      />
    </label>
    <br />
    <Button
      type="submit"
      variation="primary"
    >
      Submit
    </Button>
  </form>
</div>
`;
